// Jest Snapshot v1, https://goo.gl/fbAQLP

exports[`Photo Componenet renders a photo 1`] = `
<img
  src="../../assets/stitch-on-blue.jpg"
/>
`;
