// Jest Snapshot v1, https://goo.gl/fbAQLP

exports[`Footer Component renders the footer 1`] = `
<footer
  className="Footer"
>
  <p>
    by Cheri
  </p>
</footer>
`;
