// Jest Snapshot v1, https://goo.gl/fbAQLP

exports[`App Componenet renders the app 1`] = `
<Fragment>
  <ErrorBoundry>
    <Bad />
  </ErrorBoundry>
  <Good />
</Fragment>
`;
