// Jest Snapshot v1, https://goo.gl/fbAQLP

exports[`Sidebar Componenet renders the sidebar 1`] = `
<nav
  className="Sidebar"
>
  <a
    href="lsldofij"
  >
    Testing
  </a>
</nav>
`;
