// Jest Snapshot v1, https://goo.gl/fbAQLP

exports[`Header component renders the header 1`] = `
<header
  className="Header"
>
  <h1>
    Amazing Photos by Cheri
  </h1>
</header>
`;
